 
Species :    1 (Si), atom :    1
 n =  1, l =  0, k =  1 :   -64.93650672    
 n =  2, l =  0, k =  1 :   -4.691477947    
 n =  2, l =  1, k =  1 :   -3.121173721    
 n =  2, l =  1, k =  2 :   -3.097464714    
 
Species :    1 (Si), atom :    2
 n =  1, l =  0, k =  1 :   -64.93650672    
 n =  2, l =  0, k =  1 :   -4.691477947    
 n =  2, l =  1, k =  1 :   -3.121173721    
 n =  2, l =  1, k =  2 :   -3.097464714    
