  0.1711212251E-01
  0.1114670490E-01
  0.6472625642E-03
  0.5671817962E-04
  0.6685091648E-05
  0.6511146582E-06
  0.2898771222E-07
  0.1127297153E-08
  0.1210246832E-09
  0.2145573398E-11
 
