    -579.103702142    
    -578.672107209    
    -578.386648304    
    -578.111554058    
    -578.072281014    
    -578.073591820    
    -578.073929821    
    -578.073890823    
    -578.073891902    
    -578.073891853    
    -578.073891858    
    -578.073891858    
 
